============================= test session starts =============================
platform win32 -- Python 3.12.0, pytest-9.0.2, pluggy-1.6.0 -- D:\Akademik\EPAM\EPAM_Course_Project\Innovat-EPAM-Portal\.venv\Scripts\python.exe
cachedir: .pytest_cache
rootdir: D:\Akademik\EPAM\EPAM_Course_Project\Innovat-EPAM-Portal
configfile: pyproject.toml
plugins: anyio-4.12.1, cov-7.0.0
collecting ... collected 0 items / 1 error

=================================== ERRORS ====================================
_______________ ERROR collecting tests/integration/test_auth.py _______________
ImportError while importing test module 'D:\Akademik\EPAM\EPAM_Course_Project\Innovat-EPAM-Portal\tests\integration\test_auth.py'.
Hint: make sure your test modules/packages have valid Python names.
Traceback:
C:\Users\senad\AppData\Local\Programs\Python\Python312\Lib\importlib\__init__.py:90: in import_module
    return _bootstrap._gcd_import(name[level:], package, level)
           ^^^^^^^^^^^^^^^^^^^^^^^^^^^^^^^^^^^^^^^^^^^^^^^^^^^^
tests\integration\test_auth.py:2: in <module>
    from src.app.main import app
E   ModuleNotFoundError: No module named 'src'
=========================== short test summary info ===========================
ERROR tests/integration/test_auth.py
!!!!!!!!!!!!!!!!!!! Interrupted: 1 error during collection !!!!!!!!!!!!!!!!!!!!
============================== 1 error in 0.32s ===============================
